src/hooks/use-Confirm.ts(36,7): error TS1005: '>' expected.
src/hooks/use-Confirm.ts(36,11): error TS1005: ')' expected.
src/hooks/use-Confirm.ts(36,21): error TS1005: ',' expected.
src/hooks/use-Confirm.ts(41,12): error TS1005: '>' expected.
src/hooks/use-Confirm.ts(41,21): error TS1005: ';' expected.
src/hooks/use-Confirm.ts(43,11): error TS1005: '>' expected.
src/hooks/use-Confirm.ts(43,18): error TS1005: ';' expected.
src/hooks/use-Confirm.ts(48,10): error TS1161: Unterminated regular expression literal.
src/hooks/use-Confirm.ts(54,10): error TS1161: Unterminated regular expression literal.
src/hooks/use-Confirm.ts(55,8): error TS1161: Unterminated regular expression literal.
src/hooks/use-Confirm.ts(56,6): error TS1161: Unterminated regular expression literal.
src/hooks/use-Confirm.ts(57,3): error TS1128: Declaration or statement expected.
src/hooks/use-Confirm.ts(60,1): error TS1128: Declaration or statement expected.
src/modules/meetings/ui/views/meeting-id-view.tsx(8,50): error TS1002: Unterminated string literal.
